!***************  Project CONTRIBUTION  ******************************************************** 

!*** Special entries from eclipse

plugin@org.eclipse.test=v20070226,:pserver:anonymous@dev.eclipse.org:/cvsroot/eclipse,
fragment@org.eclipse.ant.optional.junit=v20050226,:pserver:anonymous@dev.eclipse.org:/cvsroot/eclipse,

!*** Default entries

feature@org.eclipse.emf.validation.sdk=build_200704051111,:ext:nickb@dev.eclipse.org:/cvsroot/modeling,,org.eclipse.emf/org.eclipse.emf.validation/plugins/org.eclipse.emf.validation-feature/org.eclipse.emf.validation.sdk

!*** plugins, features and fragments

feature@org.eclipse.emf.validation.doc=build_200704051111,:ext:nickb@dev.eclipse.org:/cvsroot/modeling,,org.eclipse.emf/org.eclipse.emf.validation/doc/org.eclipse.emf.validation.doc-feature
plugin@org.eclipse.emf.validation.doc=build_200704051111,:ext:nickb@dev.eclipse.org:/cvsroot/modeling,,org.eclipse.emf/org.eclipse.emf.validation/doc/org.eclipse.emf.validation.doc
plugin@org.eclipse.emf.validation.examples.adapter=build_200704051111,:ext:nickb@dev.eclipse.org:/cvsroot/modeling,,org.eclipse.emf/org.eclipse.emf.validation/examples/org.eclipse.emf.validation.examples.adapter
feature@org.eclipse.emf.validation.examples=build_200704051111,:ext:nickb@dev.eclipse.org:/cvsroot/modeling,,org.eclipse.emf/org.eclipse.emf.validation/examples/org.eclipse.emf.validation.examples-feature
plugin@org.eclipse.emf.validation.examples.general=build_200704051111,:ext:nickb@dev.eclipse.org:/cvsroot/modeling,,org.eclipse.emf/org.eclipse.emf.validation/examples/org.eclipse.emf.validation.examples.general
plugin@org.eclipse.emf.validation.examples=build_200704051111,:ext:nickb@dev.eclipse.org:/cvsroot/modeling,,org.eclipse.emf/org.eclipse.emf.validation/examples/org.eclipse.emf.validation.examples
plugin@org.eclipse.emf.validation.examples.ocl=build_200704051111,:ext:nickb@dev.eclipse.org:/cvsroot/modeling,,org.eclipse.emf/org.eclipse.emf.validation/examples/org.eclipse.emf.validation.examples.ocl
plugin@org.eclipse.emf.validation.examples=build_200704051111,:ext:nickb@dev.eclipse.org:/cvsroot/modeling,,org.eclipse.emf/org.eclipse.emf.validation/examples/org.eclipse.emf.validation.examples
feature@org.eclipse.emf.validation=build_200704051111,:ext:nickb@dev.eclipse.org:/cvsroot/modeling,,org.eclipse.emf/org.eclipse.emf.validation/plugins/org.eclipse.emf.validation-feature
plugin@org.eclipse.emf.validation=build_200704051111,:ext:nickb@dev.eclipse.org:/cvsroot/modeling,,org.eclipse.emf/org.eclipse.emf.validation/plugins/org.eclipse.emf.validation
feature@org.eclipse.emf.validation.ocl=build_200704051111,:ext:nickb@dev.eclipse.org:/cvsroot/modeling,,org.eclipse.emf/org.eclipse.emf.validation/plugins/org.eclipse.emf.validation.ocl-feature
plugin@org.eclipse.emf.validation.ocl=build_200704051111,:ext:nickb@dev.eclipse.org:/cvsroot/modeling,,org.eclipse.emf/org.eclipse.emf.validation/plugins/org.eclipse.emf.validation.ocl
plugin@org.eclipse.emf.validation=build_200704051111,:ext:nickb@dev.eclipse.org:/cvsroot/modeling,,org.eclipse.emf/org.eclipse.emf.validation/plugins/org.eclipse.emf.validation
plugin@org.eclipse.emf.validation.ui.ide=build_200704051111,:ext:nickb@dev.eclipse.org:/cvsroot/modeling,,org.eclipse.emf/org.eclipse.emf.validation/plugins/org.eclipse.emf.validation.ui.ide
plugin@org.eclipse.emf.validation.ui=build_200704051111,:ext:nickb@dev.eclipse.org:/cvsroot/modeling,,org.eclipse.emf/org.eclipse.emf.validation/plugins/org.eclipse.emf.validation.ui
feature@org.eclipse.emf.validation.tests=build_200704051111,:ext:nickb@dev.eclipse.org:/cvsroot/modeling,,org.eclipse.emf/org.eclipse.emf.validation/tests/org.eclipse.emf.validation.tests-feature
plugin@org.eclipse.emf.validation.tests=build_200704051111,:ext:nickb@dev.eclipse.org:/cvsroot/modeling,,org.eclipse.emf/org.eclipse.emf.validation/tests/org.eclipse.emf.validation.tests

!*** EMF Examples plugins
plugin@org.eclipse.emf.examples.library=HEAD,:pserver:anonymous@dev.eclipse.org:/cvsroot/tools,,org.eclipse.emf/examples/org.eclipse.emf.examples.library
plugin@org.eclipse.emf.examples.library.edit=HEAD,:pserver:anonymous@dev.eclipse.org:/cvsroot/tools,,org.eclipse.emf/examples/org.eclipse.emf.examples.library.edit
plugin@org.eclipse.emf.examples.library.editor=HEAD,:pserver:anonymous@dev.eclipse.org:/cvsroot/tools,,org.eclipse.emf/examples/org.eclipse.emf.examples.library.editor