!***************  Project CONTRIBUTION  ******************************************************** 

!*** Special entries from eclipse

plugin@org.eclipse.test=v20070226,:pserver:anonymous@dev.eclipse.org:/cvsroot/eclipse,
fragment@org.eclipse.ant.optional.junit=v20050226,:pserver:anonymous@dev.eclipse.org:/cvsroot/eclipse,

!*** Default entries

!*** plugins, features and fragments

feature@org.eclipse.emf.validation.sdk=v200711071738,:pserver:anonymous@dev.eclipse.org:/cvsroot/modeling,,org.eclipse.emf/org.eclipse.emf.validation/plugins/org.eclipse.emf.validation.sdk-feature
feature@org.eclipse.emf.validation=v200711071738,:pserver:anonymous@dev.eclipse.org:/cvsroot/modeling,,org.eclipse.emf/org.eclipse.emf.validation/plugins/org.eclipse.emf.validation-feature
feature@org.eclipse.emf.validation.ocl=v200706071520,:pserver:anonymous@dev.eclipse.org:/cvsroot/modeling,,org.eclipse.emf/org.eclipse.emf.validation/plugins/org.eclipse.emf.validation.ocl-feature
feature@org.eclipse.emf.validation.doc=v200711071738,:pserver:anonymous@dev.eclipse.org:/cvsroot/modeling,,org.eclipse.emf/org.eclipse.emf.validation/doc/org.eclipse.emf.validation.doc-feature
feature@org.eclipse.emf.validation.examples=v200711071738,:pserver:anonymous@dev.eclipse.org:/cvsroot/modeling,,org.eclipse.emf/org.eclipse.emf.validation/examples/org.eclipse.emf.validation.examples-feature
feature@org.eclipse.emf.validation.tests=v200711071738,:pserver:anonymous@dev.eclipse.org:/cvsroot/modeling,,org.eclipse.emf/org.eclipse.emf.validation/tests/org.eclipse.emf.validation.tests-feature

plugin@org.eclipse.emf.validation=v200711071738,:pserver:anonymous@dev.eclipse.org:/cvsroot/modeling,,org.eclipse.emf/org.eclipse.emf.validation/plugins/org.eclipse.emf.validation
plugin@org.eclipse.emf.validation.ui=v200711071738,:pserver:anonymous@dev.eclipse.org:/cvsroot/modeling,,org.eclipse.emf/org.eclipse.emf.validation/plugins/org.eclipse.emf.validation.ui
plugin@org.eclipse.emf.validation.ui.ide=v200706071520,:pserver:anonymous@dev.eclipse.org:/cvsroot/modeling,,org.eclipse.emf/org.eclipse.emf.validation/plugins/org.eclipse.emf.validation.ui.ide
plugin@org.eclipse.emf.validation.ocl=v200706071520,:pserver:anonymous@dev.eclipse.org:/cvsroot/modeling,,org.eclipse.emf/org.eclipse.emf.validation/plugins/org.eclipse.emf.validation.ocl
plugin@org.eclipse.emf.validation.doc=v200711071738,:pserver:anonymous@dev.eclipse.org:/cvsroot/modeling,,org.eclipse.emf/org.eclipse.emf.validation/doc/org.eclipse.emf.validation.doc
plugin@org.eclipse.emf.validation.examples=v200711071738,:pserver:anonymous@dev.eclipse.org:/cvsroot/modeling,,org.eclipse.emf/org.eclipse.emf.validation/examples/org.eclipse.emf.validation.examples
plugin@org.eclipse.emf.validation.examples.general=v200706071520,:pserver:anonymous@dev.eclipse.org:/cvsroot/modeling,,org.eclipse.emf/org.eclipse.emf.validation/examples/org.eclipse.emf.validation.examples.general
plugin@org.eclipse.emf.validation.examples.adapter=v200706071520,:pserver:anonymous@dev.eclipse.org:/cvsroot/modeling,,org.eclipse.emf/org.eclipse.emf.validation/examples/org.eclipse.emf.validation.examples.adapter
plugin@org.eclipse.emf.validation.examples.ocl=v200711071738,:pserver:anonymous@dev.eclipse.org:/cvsroot/modeling,,org.eclipse.emf/org.eclipse.emf.validation/examples/org.eclipse.emf.validation.examples.ocl
plugin@org.eclipse.emf.validation.tests=v200711071738,:pserver:anonymous@dev.eclipse.org:/cvsroot/modeling,,org.eclipse.emf/org.eclipse.emf.validation/tests/org.eclipse.emf.validation.tests

!*** EMF Examples plugins
plugin@org.eclipse.emf.examples.library=R2_3_1RC,:pserver:anonymous@dev.eclipse.org:/cvsroot/modeling,,org.eclipse.emf/org.eclipse.emf/examples/org.eclipse.emf.examples.library
plugin@org.eclipse.emf.examples.library.edit=R2_3_1RC,:pserver:anonymous@dev.eclipse.org:/cvsroot/modeling,,org.eclipse.emf/org.eclipse.emf/examples/org.eclipse.emf.examples.library.edit
plugin@org.eclipse.emf.examples.library.editor=R2_3_1RC,:pserver:anonymous@dev.eclipse.org:/cvsroot/modeling,,org.eclipse.emf/org.eclipse.emf/examples/org.eclipse.emf.examples.library.editor